Copyright 1986-2022 Xilinx, Inc. All Rights Reserved. Copyright 2022-2026 Advanced Micro Devices, Inc. All Rights Reserved.
---------------------------------------------------------------------------------------------------------------------------------------------
| Tool Version : Vivado v.2026.1 (win64) Build 6511674 Tue Jun 16 11:02:23 MDT 2026
| Date         : Thu Sep  3 17:03:43 2026
| Host         : COOKIE running 64-bit major release  (build 9200)
| Command      : report_drc -file sram_16x4_drc_routed.rpt -pb sram_16x4_drc_routed.pb -rpx sram_16x4_drc_routed.rpx
| Design       : sram_16x4
| Device       : xc7z020clg484-1
| Speed File   : -1
| Design State : Fully Routed
---------------------------------------------------------------------------------------------------------------------------------------------

Report DRC

Table of Contents
-----------------
1. REPORT SUMMARY
2. REPORT DETAILS

1. REPORT SUMMARY
-----------------
            Netlist: netlist
          Floorplan: design_1
      Design limits: <entire design considered>
           Ruledeck: default
             Max checks: <unlimited>
             Checks found: 18
+----------+----------+--------------------+--------+
| Rule     | Severity | Description        | Checks |
+----------+----------+--------------------+--------+
| PDRC-153 | Warning  | Gated clock check  | 17     |
| ZPS7-1   | Warning  | PS7 block required | 1      |
+----------+----------+--------------------+--------+

2. REPORT DETAILS
-----------------
PDRC-153#1 Warning
Gated clock check  
Net O_reg[3]_i_2_n_0 is a gated clock net sourced by a combinational pin O_reg[3]_i_2/O, cell O_reg[3]_i_2. This is not good design practice and will likely impact performance. For SLICE registers, for example, use the CE pin to control the loading of data.
Related violations: <none>

PDRC-153#2 Warning
Gated clock check  
Net mem_reg[0][3]_i_1_n_0 is a gated clock net sourced by a combinational pin mem_reg[0][3]_i_1/O, cell mem_reg[0][3]_i_1. This is not good design practice and will likely impact performance. For SLICE registers, for example, use the CE pin to control the loading of data.
Related violations: <none>

PDRC-153#3 Warning
Gated clock check  
Net mem_reg[10][3]_i_1_n_0 is a gated clock net sourced by a combinational pin mem_reg[10][3]_i_1/O, cell mem_reg[10][3]_i_1. This is not good design practice and will likely impact performance. For SLICE registers, for example, use the CE pin to control the loading of data.
Related violations: <none>

PDRC-153#4 Warning
Gated clock check  
Net mem_reg[11][3]_i_1_n_0 is a gated clock net sourced by a combinational pin mem_reg[11][3]_i_1/O, cell mem_reg[11][3]_i_1. This is not good design practice and will likely impact performance. For SLICE registers, for example, use the CE pin to control the loading of data.
Related violations: <none>

PDRC-153#5 Warning
Gated clock check  
Net mem_reg[12][3]_i_1_n_0 is a gated clock net sourced by a combinational pin mem_reg[12][3]_i_1/O, cell mem_reg[12][3]_i_1. This is not good design practice and will likely impact performance. For SLICE registers, for example, use the CE pin to control the loading of data.
Related violations: <none>

PDRC-153#6 Warning
Gated clock check  
Net mem_reg[13][3]_i_1_n_0 is a gated clock net sourced by a combinational pin mem_reg[13][3]_i_1/O, cell mem_reg[13][3]_i_1. This is not good design practice and will likely impact performance. For SLICE registers, for example, use the CE pin to control the loading of data.
Related violations: <none>

PDRC-153#7 Warning
Gated clock check  
Net mem_reg[14][3]_i_1_n_0 is a gated clock net sourced by a combinational pin mem_reg[14][3]_i_1/O, cell mem_reg[14][3]_i_1. This is not good design practice and will likely impact performance. For SLICE registers, for example, use the CE pin to control the loading of data.
Related violations: <none>

PDRC-153#8 Warning
Gated clock check  
Net mem_reg[15][3]_i_1_n_0 is a gated clock net sourced by a combinational pin mem_reg[15][3]_i_1/O, cell mem_reg[15][3]_i_1. This is not good design practice and will likely impact performance. For SLICE registers, for example, use the CE pin to control the loading of data.
Related violations: <none>

PDRC-153#9 Warning
Gated clock check  
Net mem_reg[1][3]_i_1_n_0 is a gated clock net sourced by a combinational pin mem_reg[1][3]_i_1/O, cell mem_reg[1][3]_i_1. This is not good design practice and will likely impact performance. For SLICE registers, for example, use the CE pin to control the loading of data.
Related violations: <none>

PDRC-153#10 Warning
Gated clock check  
Net mem_reg[2][3]_i_1_n_0 is a gated clock net sourced by a combinational pin mem_reg[2][3]_i_1/O, cell mem_reg[2][3]_i_1. This is not good design practice and will likely impact performance. For SLICE registers, for example, use the CE pin to control the loading of data.
Related violations: <none>

PDRC-153#11 Warning
Gated clock check  
Net mem_reg[3][3]_i_1_n_0 is a gated clock net sourced by a combinational pin mem_reg[3][3]_i_1/O, cell mem_reg[3][3]_i_1. This is not good design practice and will likely impact performance. For SLICE registers, for example, use the CE pin to control the loading of data.
Related violations: <none>

PDRC-153#12 Warning
Gated clock check  
Net mem_reg[4][3]_i_1_n_0 is a gated clock net sourced by a combinational pin mem_reg[4][3]_i_1/O, cell mem_reg[4][3]_i_1. This is not good design practice and will likely impact performance. For SLICE registers, for example, use the CE pin to control the loading of data.
Related violations: <none>

PDRC-153#13 Warning
Gated clock check  
Net mem_reg[5][3]_i_1_n_0 is a gated clock net sourced by a combinational pin mem_reg[5][3]_i_1/O, cell mem_reg[5][3]_i_1. This is not good design practice and will likely impact performance. For SLICE registers, for example, use the CE pin to control the loading of data.
Related violations: <none>

PDRC-153#14 Warning
Gated clock check  
Net mem_reg[6][3]_i_1_n_0 is a gated clock net sourced by a combinational pin mem_reg[6][3]_i_1/O, cell mem_reg[6][3]_i_1. This is not good design practice and will likely impact performance. For SLICE registers, for example, use the CE pin to control the loading of data.
Related violations: <none>

PDRC-153#15 Warning
Gated clock check  
Net mem_reg[7][3]_i_1_n_0 is a gated clock net sourced by a combinational pin mem_reg[7][3]_i_1/O, cell mem_reg[7][3]_i_1. This is not good design practice and will likely impact performance. For SLICE registers, for example, use the CE pin to control the loading of data.
Related violations: <none>

PDRC-153#16 Warning
Gated clock check  
Net mem_reg[8][3]_i_1_n_0 is a gated clock net sourced by a combinational pin mem_reg[8][3]_i_1/O, cell mem_reg[8][3]_i_1. This is not good design practice and will likely impact performance. For SLICE registers, for example, use the CE pin to control the loading of data.
Related violations: <none>

PDRC-153#17 Warning
Gated clock check  
Net mem_reg[9][3]_i_1_n_0 is a gated clock net sourced by a combinational pin mem_reg[9][3]_i_1/O, cell mem_reg[9][3]_i_1. This is not good design practice and will likely impact performance. For SLICE registers, for example, use the CE pin to control the loading of data.
Related violations: <none>

ZPS7-1#1 Warning
PS7 block required  
The PS7 cell must be used in this Zynq design in order to enable correct default configuration.
Related violations: <none>


