Time resolution is 1 ps
=================================================
Starting SRAM 256x256 Testbench Simulation
Total Words: 8192 | Addr Width: 13 | Word Size: 8
=================================================

--- TEST 1: Basic Write and Read Back ---
[ERROR] Addr: 0x0000 | Expected: 0xa5 | Got: 0xc3 at time 135000
[ERROR] Addr: 0x0001 | Expected: 0x5a | Got: 0xc3 at time 150000
[ERROR] Addr: 0x000f | Expected: 0x3c | Got: 0xc3 at time 165000
[PASS]  Addr: 0x0010 | Data Read: 0xc3 at time 180000
[PASS]  Addr: 0x00ff | Data Read: 0xff at time 195000
[PASS]  Addr: 0x0100 | Data Read: 0x11 at time 210000
[PASS]  Addr: 0x1fff | Data Read: 0xaa at time 225000

--- TEST 2: Sequential Write and Read (32 words) ---
[ERROR] Addr: 0x0000 | Expected: 0x03 | Got: 0x73 at time 740000
[ERROR] Addr: 0x0001 | Expected: 0x0a | Got: 0x73 at time 755000
[ERROR] Addr: 0x0002 | Expected: 0x11 | Got: 0x73 at time 770000
[ERROR] Addr: 0x0003 | Expected: 0x18 | Got: 0x73 at time 785000
[ERROR] Addr: 0x0004 | Expected: 0x1f | Got: 0x73 at time 800000
[ERROR] Addr: 0x0005 | Expected: 0x26 | Got: 0x73 at time 815000
[ERROR] Addr: 0x0006 | Expected: 0x2d | Got: 0x73 at time 830000
[ERROR] Addr: 0x0007 | Expected: 0x34 | Got: 0x73 at time 845000
[ERROR] Addr: 0x0008 | Expected: 0x3b | Got: 0x73 at time 860000
[ERROR] Addr: 0x0009 | Expected: 0x42 | Got: 0x73 at time 875000
[ERROR] Addr: 0x000a | Expected: 0x49 | Got: 0x73 at time 890000
[ERROR] Addr: 0x000b | Expected: 0x50 | Got: 0x73 at time 905000
[ERROR] Addr: 0x000c | Expected: 0x57 | Got: 0x73 at time 920000
[ERROR] Addr: 0x000d | Expected: 0x5e | Got: 0x73 at time 935000
[ERROR] Addr: 0x000e | Expected: 0x65 | Got: 0x73 at time 950000
[ERROR] Addr: 0x000f | Expected: 0x6c | Got: 0x73 at time 965000
[PASS]  Addr: 0x0010 | Data Read: 0x73 at time 980000
[ERROR] Addr: 0x0011 | Expected: 0x7a | Got: 0x73 at time 995000
